// Jest Snapshot v1, https://goo.gl/fbAQLP

exports[`renders homepage unchanged 1`] = `
<div>
  <div
    class="container"
  >
    <form>
      <div>
        <header>
          Number to Roman Numeral
        </header>
        <input
          name="number"
          placeholder="Type a number"
          style="width: 300px; min-height: 30px;"
          type="number"
        />
        <button
          style="margin-left: 50px; margin-right: 50px;"
        >
          Convert
        </button>
        <label />
      </div>
    </form>
  </div>
</div>
`;
